I'm sorry, but errors were detected in your script. Please correct the
errors listed below, and try again.


File "game/battle_init.rpy", line 15: expected ':' not found.
    init python -100:
                ^

Ren'Py Version: Ren'Py 6.18.3.761
